Importer Log Report
Document: F:\code_web\Ban_com_dao\Com_dao_web\public\img\CircuitTheory-main\CircuitTheory-main\lyThuyetMach.kicad_pcb
    Section : Analyze Document from - F:\code_web\Ban_com_dao\Com_dao_web\public\img\CircuitTheory-main\CircuitTheory-main\lyThuyetMach.kicad_pcb
        Warning: Unknown child 'generator' of 'kicad_pcb'.
        Warning: Unknown child 'generator_version' of 'kicad_pcb'.
        Warning: Unknown child legacy_teardrops of general.
        Warning: Unknown child 'paper' of 'kicad_pcb'.
        Warning: Unknown child stackup of setup.
        Warning: Unknown child allow_soldermask_bridges_in_footprints of setup.
        Warning: Unknown child tenting of setup.
        Warning: Unknown child covering of setup.
        Warning: Unknown child plugging of setup.
        Warning: Unknown child capping of setup.
        Warning: Unknown child filling of setup.
        Warning: Unknown child 'footprint' of 'kicad_pcb'.
        Warning: Unknown child 'footprint' of 'kicad_pcb'.
        Warning: Unknown child 'footprint' of 'kicad_pcb'.
        Warning: Unknown child 'footprint' of 'kicad_pcb'.
        Warning: Unknown child 'footprint' of 'kicad_pcb'.
        Warning: Unknown child 'footprint' of 'kicad_pcb'.
        Warning: Unknown child 'footprint' of 'kicad_pcb'.
        Warning: Unknown child 'footprint' of 'kicad_pcb'.
        Warning: Unknown child 'footprint' of 'kicad_pcb'.
        Warning: Unknown child 'footprint' of 'kicad_pcb'.
        Warning: Unknown child 'footprint' of 'kicad_pcb'.
        Warning: Unknown child 'footprint' of 'kicad_pcb'.
        Warning: Unknown child 'footprint' of 'kicad_pcb'.
        Warning: Unknown child 'footprint' of 'kicad_pcb'.
        Warning: Unknown child 'footprint' of 'kicad_pcb'.
        Warning: Unknown child 'footprint' of 'kicad_pcb'.
        Warning: Unknown child 'footprint' of 'kicad_pcb'.
        Warning: Unknown child 'footprint' of 'kicad_pcb'.
        Warning: Unknown child 'footprint' of 'kicad_pcb'.
        Warning: Unknown child 'footprint' of 'kicad_pcb'.
        Warning: Unknown child 'footprint' of 'kicad_pcb'.
        Warning: Unknown child 'footprint' of 'kicad_pcb'.
        Warning: Unknown child 'footprint' of 'kicad_pcb'.
        Warning: Unknown child 'gr_rect' of 'kicad_pcb'.
        Warning: Unknown child 'gr_rect' of 'kicad_pcb'.
        Warning: Unknown child uuid of gr_text.
        Warning: Unknown child uuid of gr_text.
        Warning: Unknown child uuid of gr_text.
        Warning: Unknown child uuid of gr_text.
        Warning: Unknown child free of via.
        Warning: Unknown child uuid of via.
        Warning: Unknown child free of via.
        Warning: Unknown child uuid of via.
        Warning: Unknown child free of via.
        Warning: Unknown child uuid of via.
        Warning: Unknown child uuid of segment.
        Warning: Cannot assign net for segment from node: segment
        Warning: Unknown child uuid of segment.
        Warning: Cannot assign net for segment from node: segment
        Warning: Unknown child uuid of segment.
        Warning: Cannot assign net for segment from node: segment
        Warning: Unknown child uuid of segment.
        Warning: Cannot assign net for segment from node: segment
        Warning: Unknown child uuid of segment.
        Warning: Cannot assign net for segment from node: segment
        Warning: Unknown child uuid of segment.
        Warning: Cannot assign net for segment from node: segment
        Warning: Unknown child uuid of segment.
        Warning: Cannot assign net for segment from node: segment
        Warning: Unknown child uuid of segment.
        Warning: Cannot assign net for segment from node: segment
        Warning: Unknown child uuid of segment.
        Warning: Cannot assign net for segment from node: segment
        Warning: Unknown child uuid of segment.
        Warning: Cannot assign net for segment from node: segment
        Warning: Unknown child uuid of segment.
        Warning: Cannot assign net for segment from node: segment
        Warning: Unknown child uuid of segment.
        Warning: Cannot assign net for segment from node: segment
        Warning: Unknown child uuid of segment.
        Warning: Cannot assign net for segment from node: segment
        Warning: Unknown child uuid of segment.
        Warning: Cannot assign net for segment from node: segment
        Warning: Unknown child uuid of segment.
        Warning: Cannot assign net for segment from node: segment
        Warning: Unknown child uuid of segment.
        Warning: Cannot assign net for segment from node: segment
        Warning: Unknown child uuid of segment.
        Warning: Cannot assign net for segment from node: segment
        Warning: Unknown child uuid of segment.
        Warning: Cannot assign net for segment from node: segment
        Warning: Unknown child uuid of segment.
        Warning: Cannot assign net for segment from node: segment
        Warning: Unknown child uuid of segment.
        Warning: Cannot assign net for segment from node: segment
        Warning: Unknown child uuid of segment.
        Warning: Cannot assign net for segment from node: segment
        Warning: Unknown child uuid of segment.
        Warning: Cannot assign net for segment from node: segment
        Warning: Unknown child uuid of segment.
        Warning: Cannot assign net for segment from node: segment
        Warning: Unknown child uuid of segment.
        Warning: Cannot assign net for segment from node: segment
        Warning: Unknown child uuid of segment.
        Warning: Cannot assign net for segment from node: segment
        Warning: Unknown child uuid of segment.
        Warning: Cannot assign net for segment from node: segment
        Warning: Unknown child uuid of segment.
        Warning: Cannot assign net for segment from node: segment
        Warning: Unknown child uuid of segment.
        Warning: Cannot assign net for segment from node: segment
        Warning: Unknown child uuid of segment.
        Warning: Cannot assign net for segment from node: segment
        Warning: Unknown child uuid of segment.
        Warning: Cannot assign net for segment from node: segment
        Warning: Unknown child uuid of via.
        Warning: Unknown child uuid of via.
        Warning: Unknown child uuid of segment.
        Warning: Cannot assign net for segment from node: segment
        Warning: Unknown child uuid of segment.
        Warning: Cannot assign net for segment from node: segment
        Warning: Unknown child uuid of segment.
        Warning: Cannot assign net for segment from node: segment
        Warning: Unknown child uuid of segment.
        Warning: Cannot assign net for segment from node: segment
        Warning: Unknown child uuid of segment.
        Warning: Cannot assign net for segment from node: segment
        Warning: Unknown child uuid of segment.
        Warning: Cannot assign net for segment from node: segment
        Warning: Unknown child uuid of segment.
        Warning: Cannot assign net for segment from node: segment
        Warning: Unknown child uuid of segment.
        Warning: Cannot assign net for segment from node: segment
        Warning: Unknown child uuid of segment.
        Warning: Cannot assign net for segment from node: segment
        Warning: Unknown child uuid of segment.
        Warning: Cannot assign net for segment from node: segment
        Warning: Unknown child uuid of segment.
        Warning: Cannot assign net for segment from node: segment
        Warning: Unknown child uuid of segment.
        Warning: Cannot assign net for segment from node: segment
        Warning: Unknown child uuid of segment.
        Warning: Cannot assign net for segment from node: segment
        Warning: Unknown child uuid of segment.
        Warning: Cannot assign net for segment from node: segment
        Warning: Unknown child uuid of segment.
        Warning: Cannot assign net for segment from node: segment
        Warning: Unknown child uuid of segment.
        Warning: Cannot assign net for segment from node: segment
        Warning: Unknown child uuid of segment.
        Warning: Cannot assign net for segment from node: segment
        Warning: Unknown child uuid of segment.
        Warning: Cannot assign net for segment from node: segment
        Warning: Unknown child uuid of segment.
        Warning: Cannot assign net for segment from node: segment
        Warning: Unknown child uuid of segment.
        Warning: Cannot assign net for segment from node: segment
        Warning: Unknown child uuid of segment.
        Warning: Cannot assign net for segment from node: segment
        Warning: Unknown child uuid of segment.
        Warning: Cannot assign net for segment from node: segment
        Warning: Unknown child uuid of segment.
        Warning: Cannot assign net for segment from node: segment
        Warning: Unknown child uuid of segment.
        Warning: Cannot assign net for segment from node: segment
        Warning: Unknown child uuid of segment.
        Warning: Cannot assign net for segment from node: segment
        Warning: Unknown child uuid of segment.
        Warning: Cannot assign net for segment from node: segment
        Warning: Unknown child uuid of segment.
        Warning: Cannot assign net for segment from node: segment
        Warning: Unknown child uuid of segment.
        Warning: Cannot assign net for segment from node: segment
        Warning: Unknown child uuid of segment.
        Warning: Cannot assign net for segment from node: segment
        Warning: Unknown child uuid of segment.
        Warning: Cannot assign net for segment from node: segment
        Warning: Unknown child uuid of segment.
        Warning: Cannot assign net for segment from node: segment
        Warning: Unknown child uuid of segment.
        Warning: Cannot assign net for segment from node: segment
        Warning: Unknown child uuid of segment.
        Warning: Cannot assign net for segment from node: segment
        Warning: Unknown child uuid of segment.
        Warning: Cannot assign net for segment from node: segment
        Warning: Unknown child uuid of segment.
        Warning: Cannot assign net for segment from node: segment
        Warning: Unknown child uuid of segment.
        Warning: Cannot assign net for segment from node: segment
        Warning: Unknown child uuid of segment.
        Warning: Cannot assign net for segment from node: segment
        Warning: Unknown child uuid of segment.
        Warning: Cannot assign net for segment from node: segment
        Warning: Unknown child uuid of segment.
        Warning: Cannot assign net for segment from node: segment
        Warning: Unknown child uuid of segment.
        Warning: Cannot assign net for segment from node: segment
        Warning: Unknown child uuid of segment.
        Warning: Cannot assign net for segment from node: segment
        Warning: Unknown child uuid of segment.
        Warning: Cannot assign net for segment from node: segment
        Warning: Unknown child uuid of segment.
        Warning: Cannot assign net for segment from node: segment
        Warning: Unknown child uuid of segment.
        Warning: Cannot assign net for segment from node: segment
        Warning: Unknown child uuid of segment.
        Warning: Cannot assign net for segment from node: segment
        Warning: Unknown child uuid of segment.
        Warning: Cannot assign net for segment from node: segment
        Warning: Unknown child uuid of segment.
        Warning: Cannot assign net for segment from node: segment
        Warning: Unknown child uuid of segment.
        Warning: Cannot assign net for segment from node: segment
        Warning: Unknown child uuid of segment.
        Warning: Cannot assign net for segment from node: segment
        Warning: Unknown child uuid of segment.
        Warning: Cannot assign net for segment from node: segment
        Warning: Unknown child uuid of segment.
        Warning: Cannot assign net for segment from node: segment
        Warning: Unknown child uuid of segment.
        Warning: Cannot assign net for segment from node: segment
        Warning: Unknown child uuid of segment.
        Warning: Cannot assign net for segment from node: segment
        Warning: Unknown child uuid of segment.
        Warning: Cannot assign net for segment from node: segment
        Warning: Unknown child uuid of segment.
        Warning: Cannot assign net for segment from node: segment
        Warning: Unknown child uuid of segment.
        Warning: Cannot assign net for segment from node: segment
        Warning: Unknown child uuid of segment.
        Warning: Cannot assign net for segment from node: segment
        Warning: Unknown child uuid of segment.
        Warning: Cannot assign net for segment from node: segment
        Warning: Unknown child uuid of segment.
        Warning: Cannot assign net for segment from node: segment
        Warning: Unknown child uuid of zone.
        Warning: Unknown child island_removal_mode of fill.
        Warning: Unknown child layer of filled_polygon.
        Warning: Unknown child 'embedded_fonts' of 'kicad_pcb'.
    EndSection
    Section : Import Document - F:\code_web\Ban_com_dao\Com_dao_web\public\img\CircuitTheory-main\CircuitTheory-main\Imported lyThuyetMach\lyThuyetMach.PcbDoc
    EndSection
